// Jest Snapshot v1, https://goo.gl/fbAQLP

exports[`design tokens matches dark token snapshot 1`] = `
{
  "background": "#0F172A",
  "foreground": "#F9FAFB",
  "muted": "#9CA3AF",
  "primary": "#3B82F6",
  "secondary": "#1F2937",
}
`;

exports[`design tokens matches light token snapshot 1`] = `
{
  "background": "#FFFFFF",
  "foreground": "#111827",
  "muted": "#6B7280",
  "primary": "#3B82F6",
  "secondary": "#F1F5F9",
}
`;
